<?xml version="1.0" encoding="UTF-8" ?>
<testsuites name="vitest tests" tests="1" failures="0" errors="0" time="0.000922292">
    <testsuite name="src/__tests__/somke.test.ts" timestamp="2026-01-12T20:53:43.329Z" hostname="Bishals-MacBook-Pro.local" tests="1" failures="0" errors="0" skipped="0" time="0.000922292">
        <testcase classname="src/__tests__/somke.test.ts" name="smoke &gt; runs tests" time="0.000439792">
        </testcase>
    </testsuite>
</testsuites>
